// Vitest Snapshot v1, https://vitest.dev/guide/snapshot.html

exports[`PdfImageTextExtractorService tests > getTextFromImagePdf tests > should return text from image pdf 1`] = `
[
  {
    "endBox": {
      "xPositionInPercent": 0.6904761904761905,
      "yPositionInPercent": 0.07811447811447811,
    },
    "pageNumber": 1,
    "startBox": {
      "xPositionInPercent": 0.2895238095238095,
      "yPositionInPercent": 0.06599326599326599,
    },
    "texts": [
      {
        "content": "fiche",
        "xPositionInPercent": 0.2895238095238095,
        "yPositionInPercent": 0.06599326599326599,
      },
      {
        "content": "de",
        "xPositionInPercent": 0.3676190476190476,
        "yPositionInPercent": 0.06599326599326599,
      },
      {
        "content": "données",
        "xPositionInPercent": 0.4076190476190476,
        "yPositionInPercent": 0.06599326599326599,
      },
      {
        "content": "de",
        "xPositionInPercent": 0.5323809523809524,
        "yPositionInPercent": 0.06599326599326599,
      },
      {
        "content": "sécurité",
        "xPositionInPercent": 0.5714285714285714,
        "yPositionInPercent": 0.06599326599326599,
      },
    ],
  },
  {
    "endBox": {
      "xPositionInPercent": 0.2438095238095238,
      "yPositionInPercent": 0.09562289562289562,
    },
    "pageNumber": 1,
    "startBox": {
      "xPositionInPercent": 0.09428571428571429,
      "yPositionInPercent": 0.07609427609427609,
    },
    "texts": [
      {
        "content": "oir",
        "xPositionInPercent": 0.09428571428571429,
        "yPositionInPercent": 0.07609427609427609,
      },
      {
        "content": "liquide",
        "xPositionInPercent": 0.19428571428571428,
        "yPositionInPercent": 0.08215488215488216,
      },
    ],
  },
  {
    "endBox": {
      "xPositionInPercent": 0.8980952380952381,
      "yPositionInPercent": 0.09898989898989899,
    },
    "pageNumber": 1,
    "startBox": {
      "xPositionInPercent": 0.17809523809523808,
      "yPositionInPercent": 0.08484848484848485,
    },
    "texts": [
      {
        "content": "q",
        "xPositionInPercent": 0.17809523809523808,
        "yPositionInPercent": 0.08484848484848485,
      },
      {
        "content": "date",
        "xPositionInPercent": 0.7304761904761905,
        "yPositionInPercent": 0.09225589225589226,
      },
      {
        "content": "de",
        "xPositionInPercent": 0.76,
        "yPositionInPercent": 0.09225589225589226,
      },
      {
        "content": "révision",
        "xPositionInPercent": 0.7780952380952381,
        "yPositionInPercent": 0.09225589225589226,
      },
      {
        "content": ":",
        "xPositionInPercent": 0.8266666666666667,
        "yPositionInPercent": 0.09764309764309764,
      },
      {
        "content": "2017-09-01",
        "xPositionInPercent": 0.8361904761904762,
        "yPositionInPercent": 0.09225589225589226,
      },
    ],
  },
  {
    "endBox": {
      "xPositionInPercent": 0.900952380952381,
      "yPositionInPercent": 0.11380471380471381,
    },
    "pageNumber": 1,
    "startBox": {
      "xPositionInPercent": 0.7276190476190476,
      "yPositionInPercent": 0.10572390572390572,
    },
    "texts": [
      {
        "content": "remplace",
        "xPositionInPercent": 0.7276190476190476,
        "yPositionInPercent": 0.10572390572390572,
      },
      {
        "content": "la",
        "xPositionInPercent": 0.7885714285714286,
        "yPositionInPercent": 0.10572390572390572,
      },
      {
        "content": "fiche",
        "xPositionInPercent": 0.800952380952381,
        "yPositionInPercent": 0.10572390572390572,
      },
      {
        "content": ":",
        "xPositionInPercent": 0.8323809523809523,
        "yPositionInPercent": 0.1111111111111111,
      },
      {
        "content": "2015-06-01",
        "xPositionInPercent": 0.839047619047619,
        "yPositionInPercent": 0.10572390572390572,
      },
    ],
  },
  {
    "endBox": {
      "xPositionInPercent": 0.8533333333333334,
      "yPositionInPercent": 0.13602693602693602,
    },
    "pageNumber": 1,
    "startBox": {
      "xPositionInPercent": 0.09523809523809523,
      "yPositionInPercent": 0.12053872053872054,
    },
    "texts": [
      {
        "content": "argon",
        "xPositionInPercent": 0.09523809523809523,
        "yPositionInPercent": 0.12053872053872054,
      },
      {
        "content": ";",
        "xPositionInPercent": 0.1742857142857143,
        "yPositionInPercent": 0.12390572390572391,
      },
      {
        "content": "argon",
        "xPositionInPercent": 0.18666666666666668,
        "yPositionInPercent": 0.12053872053872054,
      },
      {
        "content": "nertal",
        "xPositionInPercent": 0.26476190476190475,
        "yPositionInPercent": 0.12053872053872054,
      },
      {
        "content": ";",
        "xPositionInPercent": 0.36857142857142855,
        "yPositionInPercent": 0.12390572390572391,
      },
      {
        "content": "argon",
        "xPositionInPercent": 0.38095238095238093,
        "yPositionInPercent": 0.12053872053872054,
      },
      {
        "content": "n56",
        "xPositionInPercent": 0.4780952380952381,
        "yPositionInPercent": 0.12121212121212122,
      },
      {
        "content": ";",
        "xPositionInPercent": 0.5295238095238095,
        "yPositionInPercent": 0.12457912457912458,
      },
      {
        "content": "argon",
        "xPositionInPercent": 0.5419047619047619,
        "yPositionInPercent": 0.12121212121212122,
      },
      {
        "content": "n60",
        "xPositionInPercent": 0.6390476190476191,
        "yPositionInPercent": 0.12121212121212122,
      },
      {
        "content": "003agis",
        "xPositionInPercent": 0.7761904761904762,
        "yPositionInPercent": 0.12053872053872054,
      },
    ],
  },
  {
    "endBox": {
      "xPositionInPercent": 0.8828571428571429,
      "yPositionInPercent": 0.1468013468013468,
    },
    "pageNumber": 1,
    "startBox": {
      "xPositionInPercent": 0.7476190476190476,
      "yPositionInPercent": 0.13872053872053872,
    },
    "texts": [
      {
        "content": "pays",
        "xPositionInPercent": 0.7476190476190476,
        "yPositionInPercent": 0.13872053872053872,
      },
      {
        "content": ":",
        "xPositionInPercent": 0.7780952380952381,
        "yPositionInPercent": 0.13400673400673402,
      },
      {
        "content": "fr/",
        "xPositionInPercent": 0.7866666666666666,
        "yPositionInPercent": 0.13872053872053872,
      },
      {
        "content": "langue",
        "xPositionInPercent": 0.8142857142857143,
        "yPositionInPercent": 0.13872053872053872,
      },
      {
        "content": ":",
        "xPositionInPercent": 0.8609523809523809,
        "yPositionInPercent": 0.14006734006734006,
      },
      {
        "content": "fr",
        "xPositionInPercent": 0.8666666666666667,
        "yPositionInPercent": 0.13872053872053872,
      },
    ],
  },
  {
    "endBox": {
      "xPositionInPercent": 0.7152380952380952,
      "yPositionInPercent": 0.18518518518518517,
    },
    "pageNumber": 1,
    "startBox": {
      "xPositionInPercent": 0.08476190476190476,
      "yPositionInPercent": 0.1744107744107744,
    },
    "texts": [
      {
        "content": "rubrique",
        "xPositionInPercent": 0.08476190476190476,
        "yPositionInPercent": 0.1744107744107744,
      },
      {
        "content": "1:",
        "xPositionInPercent": 0.17333333333333334,
        "yPositionInPercent": 0.1744107744107744,
      },
      {
        "content": "identification",
        "xPositionInPercent": 0.19238095238095237,
        "yPositionInPercent": 0.1744107744107744,
      },
      {
        "content": "de",
        "xPositionInPercent": 0.29428571428571426,
        "yPositionInPercent": 0.1744107744107744,
      },
      {
        "content": "la",
        "xPositionInPercent": 0.3180952380952381,
        "yPositionInPercent": 0.1744107744107744,
      },
      {
        "content": "substance/du",
        "xPositionInPercent": 0.3352380952380952,
        "yPositionInPercent": 0.1744107744107744,
      },
      {
        "content": "mélange",
        "xPositionInPercent": 0.44285714285714284,
        "yPositionInPercent": 0.1744107744107744,
      },
      {
        "content": "et",
        "xPositionInPercent": 0.5114285714285715,
        "yPositionInPercent": 0.1750841750841751,
      },
      {
        "content": "de",
        "xPositionInPercent": 0.5295238095238095,
        "yPositionInPercent": 0.1750841750841751,
      },
      {
        "content": "la",
        "xPositionInPercent": 0.5533333333333333,
        "yPositionInPercent": 0.1750841750841751,
      },
      {
        "content": "société/l’entreprise",
        "xPositionInPercent": 0.5704761904761905,
        "yPositionInPercent": 0.1750841750841751,
      },
    ],
  },
  {
    "endBox": {
      "xPositionInPercent": 0.25333333333333335,
      "yPositionInPercent": 0.20875420875420875,
    },
    "pageNumber": 1,
    "startBox": {
      "xPositionInPercent": 0.0838095238095238,
      "yPositionInPercent": 0.2,
    },
    "texts": [
      {
        "content": "1.1.",
        "xPositionInPercent": 0.0838095238095238,
        "yPositionInPercent": 0.2,
      },
      {
        "content": "identificateur",
        "xPositionInPercent": 0.10857142857142857,
        "yPositionInPercent": 0.2,
      },
      {
        "content": "de",
        "xPositionInPercent": 0.19238095238095237,
        "yPositionInPercent": 0.2,
      },
      {
        "content": "produit",
        "xPositionInPercent": 0.21047619047619048,
        "yPositionInPercent": 0.2,
      },
    ],
  },
  {
    "endBox": {
      "xPositionInPercent": 0.6780952380952381,
      "yPositionInPercent": 0.2228956228956229,
    },
    "pageNumber": 1,
    "startBox": {
      "xPositionInPercent": 0.0838095238095238,
      "yPositionInPercent": 0.21414141414141413,
    },
    "texts": [
      {
        "content": "nom",
        "xPositionInPercent": 0.0838095238095238,
        "yPositionInPercent": 0.21414141414141413,
      },
      {
        "content": "commercial",
        "xPositionInPercent": 0.11333333333333333,
        "yPositionInPercent": 0.21414141414141413,
      },
      {
        "content": ":",
        "xPositionInPercent": 0.3657142857142857,
        "yPositionInPercent": 0.21616161616161617,
      },
      {
        "content": "argon",
        "xPositionInPercent": 0.3780952380952381,
        "yPositionInPercent": 0.21481481481481482,
      },
      {
        "content": ";",
        "xPositionInPercent": 0.41619047619047617,
        "yPositionInPercent": 0.21616161616161617,
      },
      {
        "content": "argon",
        "xPositionInPercent": 0.4228571428571429,
        "yPositionInPercent": 0.21481481481481482,
      },
      {
        "content": "nertal",
        "xPositionInPercent": 0.46095238095238095,
        "yPositionInPercent": 0.21481481481481482,
      },
      {
        "content": ";",
        "xPositionInPercent": 0.5142857142857142,
        "yPositionInPercent": 0.2202020202020202,
      },
      {
        "content": "argon",
        "xPositionInPercent": 0.520952380952381,
        "yPositionInPercent": 0.21481481481481482,
      },
      {
        "content": "n56",
        "xPositionInPercent": 0.5714285714285714,
        "yPositionInPercent": 0.21481481481481482,
      },
      {
        "content": ";",
        "xPositionInPercent": 0.599047619047619,
        "yPositionInPercent": 0.2202020202020202,
      },
      {
        "content": "argon",
        "xPositionInPercent": 0.6047619047619047,
        "yPositionInPercent": 0.21481481481481482,
      },
      {
        "content": "n60",
        "xPositionInPercent": 0.6561904761904762,
        "yPositionInPercent": 0.21481481481481482,
      },
    ],
  },
  {
    "endBox": {
      "xPositionInPercent": 0.42952380952380953,
      "yPositionInPercent": 0.23434343434343435,
    },
    "pageNumber": 1,
    "startBox": {
      "xPositionInPercent": 0.0838095238095238,
      "yPositionInPercent": 0.22760942760942762,
    },
    "texts": [
      {
        "content": "n°fds",
        "xPositionInPercent": 0.0838095238095238,
        "yPositionInPercent": 0.22760942760942762,
      },
      {
        "content": "003agis",
        "xPositionInPercent": 0.3780952380952381,
        "yPositionInPercent": 0.22760942760942762,
      },
    ],
  },
  {
    "endBox": {
      "xPositionInPercent": 0.4123809523809524,
      "yPositionInPercent": 0.24915824915824916,
    },
    "pageNumber": 1,
    "startBox": {
      "xPositionInPercent": 0.0838095238095238,
      "yPositionInPercent": 0.24107744107744108,
    },
    "texts": [
      {
        "content": "description",
        "xPositionInPercent": 0.0838095238095238,
        "yPositionInPercent": 0.24107744107744108,
      },
      {
        "content": "chimique",
        "xPositionInPercent": 0.15047619047619049,
        "yPositionInPercent": 0.24107744107744108,
      },
      {
        "content": ":",
        "xPositionInPercent": 0.3657142857142857,
        "yPositionInPercent": 0.24646464646464647,
      },
      {
        "content": "argon",
        "xPositionInPercent": 0.379047619047619,
        "yPositionInPercent": 0.24107744107744108,
      },
    ],
  },
  {
    "endBox": {
      "xPositionInPercent": 0.4876190476190476,
      "yPositionInPercent": 0.2612794612794613,
    },
    "pageNumber": 1,
    "startBox": {
      "xPositionInPercent": 0.3780952380952381,
      "yPositionInPercent": 0.2545454545454545,
    },
    "texts": [
      {
        "content": "n°",
        "xPositionInPercent": 0.3780952380952381,
        "yPositionInPercent": 0.2545454545454545,
      },
      {
        "content": "cas",
        "xPositionInPercent": 0.3961904761904762,
        "yPositionInPercent": 0.2545454545454545,
      },
      {
        "content": ":",
        "xPositionInPercent": 0.4219047619047619,
        "yPositionInPercent": 0.2518518518518518,
      },
      {
        "content": "7440-37-1",
        "xPositionInPercent": 0.43333333333333335,
        "yPositionInPercent": 0.2545454545454545,
      },
    ],
  },
  {
    "endBox": {
      "xPositionInPercent": 0.44952380952380955,
      "yPositionInPercent": 0.28754208754208754,
    },
    "pageNumber": 1,
    "startBox": {
      "xPositionInPercent": 0.3780952380952381,
      "yPositionInPercent": 0.2808080808080808,
    },
    "texts": [
      {
        "content": "n°",
        "xPositionInPercent": 0.3780952380952381,
        "yPositionInPercent": 0.2808080808080808,
      },
      {
        "content": "index",
        "xPositionInPercent": 0.3961904761904762,
        "yPositionInPercent": 0.2808080808080808,
      },
      {
        "content": ":",
        "xPositionInPercent": 0.42857142857142855,
        "yPositionInPercent": 0.2781144781144781,
      },
      {
        "content": "-—",
        "xPositionInPercent": 0.43714285714285717,
        "yPositionInPercent": 0.2841750841750842,
      },
    ],
  },
  {
    "endBox": {
      "xPositionInPercent": 0.7352380952380952,
      "yPositionInPercent": 0.30303030303030304,
    },
    "pageNumber": 1,
    "startBox": {
      "xPositionInPercent": 0.08285714285714285,
      "yPositionInPercent": 0.2936026936026936,
    },
    "texts": [
      {
        "content": "n°",
        "xPositionInPercent": 0.08285714285714285,
        "yPositionInPercent": 0.2936026936026936,
      },
      {
        "content": "d'enregistrement",
        "xPositionInPercent": 0.10095238095238095,
        "yPositionInPercent": 0.2942760942760943,
      },
      {
        "content": "listé",
        "xPositionInPercent": 0.379047619047619,
        "yPositionInPercent": 0.2942760942760943,
      },
      {
        "content": "dans",
        "xPositionInPercent": 0.4095238095238095,
        "yPositionInPercent": 0.2942760942760943,
      },
      {
        "content": "l'annexe",
        "xPositionInPercent": 0.44095238095238093,
        "yPositionInPercent": 0.2942760942760943,
      },
      {
        "content": "iv/v",
        "xPositionInPercent": 0.49333333333333335,
        "yPositionInPercent": 0.2942760942760943,
      },
      {
        "content": "de",
        "xPositionInPercent": 0.52,
        "yPositionInPercent": 0.2942760942760943,
      },
      {
        "content": "reach,",
        "xPositionInPercent": 0.5380952380952381,
        "yPositionInPercent": 0.2942760942760943,
      },
      {
        "content": "exempté",
        "xPositionInPercent": 0.5895238095238096,
        "yPositionInPercent": 0.2942760942760943,
      },
      {
        "content": "d'enregistrement.",
        "xPositionInPercent": 0.6419047619047619,
        "yPositionInPercent": 0.29494949494949496,
      },
    ],
  },
  {
    "endBox": {
      "xPositionInPercent": 0.3914285714285714,
      "yPositionInPercent": 0.31582491582491584,
    },
    "pageNumber": 1,
    "startBox": {
      "xPositionInPercent": 0.08285714285714285,
      "yPositionInPercent": 0.30707070707070705,
    },
    "texts": [
      {
        "content": "formule",
        "xPositionInPercent": 0.08285714285714285,
        "yPositionInPercent": 0.30707070707070705,
      },
      {
        "content": "chimique",
        "xPositionInPercent": 0.13333333333333333,
        "yPositionInPercent": 0.30707070707070705,
      },
      {
        "content": "ar",
        "xPositionInPercent": 0.379047619047619,
        "yPositionInPercent": 0.30774410774410776,
      },
    ],
  },
  {
    "endBox": {
      "xPositionInPercent": 0.679047619047619,
      "yPositionInPercent": 0.3367003367003367,
    },
    "pageNumber": 1,
    "startBox": {
      "xPositionInPercent": 0.0838095238095238,
      "yPositionInPercent": 0.32727272727272727,
    },
    "texts": [
      {
        "content": "1.2.",
        "xPositionInPercent": 0.0838095238095238,
        "yPositionInPercent": 0.32727272727272727,
      },
      {
        "content": "utilisations",
        "xPositionInPercent": 0.10761904761904761,
        "yPositionInPercent": 0.32727272727272727,
      },
      {
        "content": "identifiées",
        "xPositionInPercent": 0.18,
        "yPositionInPercent": 0.32727272727272727,
      },
      {
        "content": "pertinentes",
        "xPositionInPercent": 0.24666666666666667,
        "yPositionInPercent": 0.32794612794612793,
      },
      {
        "content": "de",
        "xPositionInPercent": 0.3180952380952381,
        "yPositionInPercent": 0.32794612794612793,
      },
      {
        "content": "la",
        "xPositionInPercent": 0.34,
        "yPositionInPercent": 0.3292929292929293,
      },
      {
        "content": "substance",
        "xPositionInPercent": 0.3504761904761905,
        "yPositionInPercent": 0.32794612794612793,
      },
      {
        "content": "ou",
        "xPositionInPercent": 0.4180952380952381,
        "yPositionInPercent": 0.3292929292929293,
      },
      {
        "content": "du",
        "xPositionInPercent": 0.43714285714285717,
        "yPositionInPercent": 0.32794612794612793,
      },
      {
        "content": "mélange",
        "xPositionInPercent": 0.4561904761904762,
        "yPositionInPercent": 0.32794612794612793,
      },
      {
        "content": "et",
        "xPositionInPercent": 0.5104761904761905,
        "yPositionInPercent": 0.32861952861952864,
      },
      {
        "content": "utilisations",
        "xPositionInPercent": 0.5257142857142857,
        "yPositionInPercent": 0.32794612794612793,
      },
      {
        "content": "déconseillées",
        "xPositionInPercent": 0.5961904761904762,
        "yPositionInPercent": 0.32794612794612793,
      },
    ],
  },
  {
    "endBox": {
      "xPositionInPercent": 0.7895238095238095,
      "yPositionInPercent": 0.34949494949494947,
    },
    "pageNumber": 1,
    "startBox": {
      "xPositionInPercent": 0.08285714285714285,
      "yPositionInPercent": 0.34074074074074073,
    },
    "texts": [
      {
        "content": "utilisations",
        "xPositionInPercent": 0.08285714285714285,
        "yPositionInPercent": 0.34074074074074073,
      },
      {
        "content": "pertinentes",
        "xPositionInPercent": 0.14761904761904762,
        "yPositionInPercent": 0.34074074074074073,
      },
      {
        "content": "identifiées",
        "xPositionInPercent": 0.21428571428571427,
        "yPositionInPercent": 0.34074074074074073,
      },
      {
        "content": "industriel",
        "xPositionInPercent": 0.3780952380952381,
        "yPositionInPercent": 0.3414141414141414,
      },
      {
        "content": "et",
        "xPositionInPercent": 0.43333333333333335,
        "yPositionInPercent": 0.3414141414141414,
      },
      {
        "content": "professionnel.",
        "xPositionInPercent": 0.44666666666666666,
        "yPositionInPercent": 0.3414141414141414,
      },
      {
        "content": "faire",
        "xPositionInPercent": 0.5295238095238095,
        "yPositionInPercent": 0.3414141414141414,
      },
      {
        "content": "une",
        "xPositionInPercent": 0.5619047619047619,
        "yPositionInPercent": 0.34276094276094277,
      },
      {
        "content": "analyse",
        "xPositionInPercent": 0.5866666666666667,
        "yPositionInPercent": 0.3414141414141414,
      },
      {
        "content": "des",
        "xPositionInPercent": 0.6342857142857142,
        "yPositionInPercent": 0.3414141414141414,
      },
      {
        "content": "risques",
        "xPositionInPercent": 0.659047619047619,
        "yPositionInPercent": 0.34276094276094277,
      },
      {
        "content": "avant",
        "xPositionInPercent": 0.7028571428571428,
        "yPositionInPercent": 0.3420875420875421,
      },
      {
        "content": "utilisation.",
        "xPositionInPercent": 0.7380952380952381,
        "yPositionInPercent": 0.3414141414141414,
      },
    ],
  },
  {
    "endBox": {
      "xPositionInPercent": 0.5380952380952381,
      "yPositionInPercent": 0.362962962962963,
    },
    "pageNumber": 1,
    "startBox": {
      "xPositionInPercent": 0.37714285714285717,
      "yPositionInPercent": 0.3542087542087542,
    },
    "texts": [
      {
        "content": "gaz",
        "xPositionInPercent": 0.37714285714285717,
        "yPositionInPercent": 0.3542087542087542,
      },
      {
        "content": "de",
        "xPositionInPercent": 0.40476190476190477,
        "yPositionInPercent": 0.3548821548821549,
      },
      {
        "content": "test",
        "xPositionInPercent": 0.4219047619047619,
        "yPositionInPercent": 0.3548821548821549,
      },
      {
        "content": "ou",
        "xPositionInPercent": 0.44666666666666666,
        "yPositionInPercent": 0.35622895622895623,
      },
      {
        "content": "d'étalonnage.",
        "xPositionInPercent": 0.4638095238095238,
        "yPositionInPercent": 0.3542087542087542,
      },
    ],
  },
  {
    "endBox": {
      "xPositionInPercent": 0.580952380952381,
      "yPositionInPercent": 0.37575757575757573,
    },
    "pageNumber": 1,
    "startBox": {
      "xPositionInPercent": 0.37714285714285717,
      "yPositionInPercent": 0.36767676767676766,
    },
    "texts": [
      {
        "content": "gaz",
        "xPositionInPercent": 0.37714285714285717,
        "yPositionInPercent": 0.36767676767676766,
      },
      {
        "content": "de",
        "xPositionInPercent": 0.40476190476190477,
        "yPositionInPercent": 0.36767676767676766,
      },
      {
        "content": "purge,",
        "xPositionInPercent": 0.4228571428571429,
        "yPositionInPercent": 0.36902356902356903,
      },
      {
        "content": "de",
        "xPositionInPercent": 0.46190476190476193,
        "yPositionInPercent": 0.36767676767676766,
      },
      {
        "content": "dilution,",
        "xPositionInPercent": 0.47904761904761906,
        "yPositionInPercent": 0.36767676767676766,
      },
      {
        "content": "d'inertage.",
        "xPositionInPercent": 0.5266666666666666,
        "yPositionInPercent": 0.36767676767676766,
      },
    ],
  },
  {
    "endBox": {
      "xPositionInPercent": 0.4104761904761905,
      "yPositionInPercent": 0.38922558922558925,
    },
    "pageNumber": 1,
    "startBox": {
      "xPositionInPercent": 0.3780952380952381,
      "yPositionInPercent": 0.3811447811447811,
    },
    "texts": [
      {
        "content": "purge.",
        "xPositionInPercent": 0.3780952380952381,
        "yPositionInPercent": 0.3811447811447811,
      },
    ],
  },
  {
    "endBox": {
      "xPositionInPercent": 0.8019047619047619,
      "yPositionInPercent": 0.4033670033670034,
    },
    "pageNumber": 1,
    "startBox": {
      "xPositionInPercent": 0.3780952380952381,
      "yPositionInPercent": 0.3939393939393939,
    },
    "texts": [
      {
        "content": "utiliser",
        "xPositionInPercent": 0.3780952380952381,
        "yPositionInPercent": 0.3939393939393939,
      },
      {
        "content": "dans",
        "xPositionInPercent": 0.42,
        "yPositionInPercent": 0.39461279461279464,
      },
      {
        "content": "la",
        "xPositionInPercent": 0.4504761904761905,
        "yPositionInPercent": 0.3939393939393939,
      },
      {
        "content": "fabrication",
        "xPositionInPercent": 0.4638095238095238,
        "yPositionInPercent": 0.39461279461279464,
      },
      {
        "content": "de",
        "xPositionInPercent": 0.5257142857142857,
        "yPositionInPercent": 0.39461279461279464,
      },
      {
        "content": "composants",
        "xPositionInPercent": 0.5438095238095239,
        "yPositionInPercent": 0.39461279461279464,
      },
      {
        "content": "électroniques",
        "xPositionInPercent": 0.6161904761904762,
        "yPositionInPercent": 0.39461279461279464,
      },
      {
        "content": "ou",
        "xPositionInPercent": 0.6961904761904761,
        "yPositionInPercent": 0.3966329966329966,
      },
      {
        "content": "photovoltaïques.",
        "xPositionInPercent": 0.7133333333333334,
        "yPositionInPercent": 0.39461279461279464,
      },
    ],
  },
  {
    "endBox": {
      "xPositionInPercent": 0.6323809523809524,
      "yPositionInPercent": 0.4161616161616162,
    },
    "pageNumber": 1,
    "startBox": {
      "xPositionInPercent": 0.37714285714285717,
      "yPositionInPercent": 0.4074074074074074,
    },
    "texts": [
      {
        "content": "gaz",
        "xPositionInPercent": 0.37714285714285717,
        "yPositionInPercent": 0.4074074074074074,
      },
      {
        "content": "de",
        "xPositionInPercent": 0.4038095238095238,
        "yPositionInPercent": 0.4074074074074074,
      },
      {
        "content": "protection",
        "xPositionInPercent": 0.4219047619047619,
        "yPositionInPercent": 0.4080808080808081,
      },
      {
        "content": "pour",
        "xPositionInPercent": 0.48095238095238096,
        "yPositionInPercent": 0.4094276094276094,
      },
      {
        "content": "procédés",
        "xPositionInPercent": 0.5104761904761905,
        "yPositionInPercent": 0.4074074074074074,
      },
      {
        "content": "de",
        "xPositionInPercent": 0.5657142857142857,
        "yPositionInPercent": 0.4080808080808081,
      },
      {
        "content": "soudage.",
        "xPositionInPercent": 0.5838095238095238,
        "yPositionInPercent": 0.4080808080808081,
      },
    ],
  },
  {
    "endBox": {
      "xPositionInPercent": 0.5161904761904762,
      "yPositionInPercent": 0.4276094276094276,
    },
    "pageNumber": 1,
    "startBox": {
      "xPositionInPercent": 0.37714285714285717,
      "yPositionInPercent": 0.4208754208754209,
    },
    "texts": [
      {
        "content": "utilisation",
        "xPositionInPercent": 0.37714285714285717,
        "yPositionInPercent": 0.4208754208754209,
      },
      {
        "content": "en",
        "xPositionInPercent": 0.4361904761904762,
        "yPositionInPercent": 0.4228956228956229,
      },
      {
        "content": "laboratoire.",
        "xPositionInPercent": 0.4533333333333333,
        "yPositionInPercent": 0.4208754208754209,
      },
    ],
  },
  {
    "endBox": {
      "xPositionInPercent": 0.7295238095238096,
      "yPositionInPercent": 0.44242424242424244,
    },
    "pageNumber": 1,
    "startBox": {
      "xPositionInPercent": 0.37714285714285717,
      "yPositionInPercent": 0.43434343434343436,
    },
    "texts": [
      {
        "content": "contacter",
        "xPositionInPercent": 0.37714285714285717,
        "yPositionInPercent": 0.43434343434343436,
      },
      {
        "content": "le",
        "xPositionInPercent": 0.4361904761904762,
        "yPositionInPercent": 0.43434343434343436,
      },
      {
        "content": "fournisseur",
        "xPositionInPercent": 0.44952380952380955,
        "yPositionInPercent": 0.43434343434343436,
      },
      {
        "content": "pour",
        "xPositionInPercent": 0.5152380952380953,
        "yPositionInPercent": 0.4356902356902357,
      },
      {
        "content": "plus",
        "xPositionInPercent": 0.5447619047619048,
        "yPositionInPercent": 0.43434343434343436,
      },
      {
        "content": "d'information",
        "xPositionInPercent": 0.5714285714285714,
        "yPositionInPercent": 0.43434343434343436,
      },
      {
        "content": "sur",
        "xPositionInPercent": 0.6476190476190476,
        "yPositionInPercent": 0.4356902356902357,
      },
      {
        "content": "l'utilisation.",
        "xPositionInPercent": 0.6695238095238095,
        "yPositionInPercent": 0.43434343434343436,
      },
    ],
  },
  {
    "endBox": {
      "xPositionInPercent": 0.5161904761904762,
      "yPositionInPercent": 0.4558922558922559,
    },
    "pageNumber": 1,
    "startBox": {
      "xPositionInPercent": 0.3761904761904762,
      "yPositionInPercent": 0.4471380471380471,
    },
    "texts": [
      {
        "content": "‘applications",
        "xPositionInPercent": 0.3761904761904762,
        "yPositionInPercent": 0.4471380471380471,
      },
      {
        "content": "alimentaires.",
        "xPositionInPercent": 0.44952380952380955,
        "yPositionInPercent": 0.4471380471380471,
      },
    ],
  },
  {
    "endBox": {
      "xPositionInPercent": 0.8695238095238095,
      "yPositionInPercent": 0.47003367003367,
    },
    "pageNumber": 1,
    "startBox": {
      "xPositionInPercent": 0.08190476190476191,
      "yPositionInPercent": 0.4599326599326599,
    },
    "texts": [
      {
        "content": "utilisations",
        "xPositionInPercent": 0.08190476190476191,
        "yPositionInPercent": 0.4599326599326599,
      },
      {
        "content": "déconseillées",
        "xPositionInPercent": 0.14666666666666667,
        "yPositionInPercent": 0.4599326599326599,
      },
      {
        "content": "utilisation",
        "xPositionInPercent": 0.37714285714285717,
        "yPositionInPercent": 0.46060606060606063,
      },
      {
        "content": "grand",
        "xPositionInPercent": 0.439047619047619,
        "yPositionInPercent": 0.46060606060606063,
      },
      {
        "content": "public.",
        "xPositionInPercent": 0.47523809523809524,
        "yPositionInPercent": 0.46060606060606063,
      },
      {
        "content": "”",
        "xPositionInPercent": 0.861904761904762,
        "yPositionInPercent": 0.46464646464646464,
      },
    ],
  },
  {
    "endBox": {
      "xPositionInPercent": 0.579047619047619,
      "yPositionInPercent": 0.4868686868686869,
    },
    "pageNumber": 1,
    "startBox": {
      "xPositionInPercent": 0.08285714285714285,
      "yPositionInPercent": 0.4781144781144781,
    },
    "texts": [
      {
        "content": "1.3.",
        "xPositionInPercent": 0.08285714285714285,
        "yPositionInPercent": 0.4781144781144781,
      },
      {
        "content": "renseignements",
        "xPositionInPercent": 0.10666666666666667,
        "yPositionInPercent": 0.4781144781144781,
      },
      {
        "content": "concernant",
        "xPositionInPercent": 0.2123809523809524,
        "yPositionInPercent": 0.47878787878787876,
      },
      {
        "content": "le",
        "xPositionInPercent": 0.28476190476190477,
        "yPositionInPercent": 0.4781144781144781,
      },
      {
        "content": "fournisseur",
        "xPositionInPercent": 0.2980952380952381,
        "yPositionInPercent": 0.4781144781144781,
      },
      {
        "content": "de",
        "xPositionInPercent": 0.37238095238095237,
        "yPositionInPercent": 0.4781144781144781,
      },
      {
        "content": "la",
        "xPositionInPercent": 0.3904761904761905,
        "yPositionInPercent": 0.4781144781144781,
      },
      {
        "content": "fiche",
        "xPositionInPercent": 0.40476190476190477,
        "yPositionInPercent": 0.4781144781144781,
      },
      {
        "content": "de",
        "xPositionInPercent": 0.4380952380952381,
        "yPositionInPercent": 0.4781144781144781,
      },
      {
        "content": "données",
        "xPositionInPercent": 0.4561904761904762,
        "yPositionInPercent": 0.47878787878787876,
      },
      {
        "content": "de",
        "xPositionInPercent": 0.5123809523809524,
        "yPositionInPercent": 0.47878787878787876,
      },
      {
        "content": "sécurité",
        "xPositionInPercent": 0.5304761904761904,
        "yPositionInPercent": 0.47878787878787876,
      },
    ],
  },
  {
    "endBox": {
      "xPositionInPercent": 0.24,
      "yPositionInPercent": 0.5124579124579125,
    },
    "pageNumber": 1,
    "startBox": {
      "xPositionInPercent": 0.08190476190476191,
      "yPositionInPercent": 0.5057239057239057,
    },
    "texts": [
      {
        "content": "identification",
        "xPositionInPercent": 0.08190476190476191,
        "yPositionInPercent": 0.5057239057239057,
      },
      {
        "content": "de",
        "xPositionInPercent": 0.16476190476190475,
        "yPositionInPercent": 0.5057239057239057,
      },
      {
        "content": "la",
        "xPositionInPercent": 0.1838095238095238,
        "yPositionInPercent": 0.5057239057239057,
      },
      {
        "content": "société",
        "xPositionInPercent": 0.19714285714285715,
        "yPositionInPercent": 0.5057239057239057,
      },
    ],
  },
  {
    "endBox": {
      "xPositionInPercent": 0.2361904761904762,
      "yPositionInPercent": 0.5373737373737374,
    },
    "pageNumber": 1,
    "startBox": {
      "xPositionInPercent": 0.08095238095238096,
      "yPositionInPercent": 0.5292929292929293,
    },
    "texts": [
      {
        "content": "air",
        "xPositionInPercent": 0.08095238095238096,
        "yPositionInPercent": 0.5292929292929293,
      },
      {
        "content": "liquide",
        "xPositionInPercent": 0.10095238095238095,
        "yPositionInPercent": 0.5292929292929293,
      },
      {
        "content": "france",
        "xPositionInPercent": 0.1457142857142857,
        "yPositionInPercent": 0.5292929292929293,
      },
      {
        "content": "industrie",
        "xPositionInPercent": 0.1895238095238095,
        "yPositionInPercent": 0.5292929292929293,
      },
    ],
  },
  {
    "endBox": {
      "xPositionInPercent": 0.24571428571428572,
      "yPositionInPercent": 0.5555555555555556,
    },
    "pageNumber": 1,
    "startBox": {
      "xPositionInPercent": 0.08190476190476191,
      "yPositionInPercent": 0.5488215488215489,
    },
    "texts": [
      {
        "content": "92220",
        "xPositionInPercent": 0.08190476190476191,
        "yPositionInPercent": 0.5494949494949495,
      },
      {
        "content": "bagneux",
        "xPositionInPercent": 0.12095238095238095,
        "yPositionInPercent": 0.5488215488215489,
      },
      {
        "content": "-",
        "xPositionInPercent": 0.18666666666666668,
        "yPositionInPercent": 0.5528619528619528,
      },
      {
        "content": "france",
        "xPositionInPercent": 0.19428571428571428,
        "yPositionInPercent": 0.5488215488215489,
      },
    ],
  },
  {
    "endBox": {
      "xPositionInPercent": 0.19523809523809524,
      "yPositionInPercent": 0.5656565656565656,
    },
    "pageNumber": 1,
    "startBox": {
      "xPositionInPercent": 0.08095238095238096,
      "yPositionInPercent": 0.5589225589225589,
    },
    "texts": [
      {
        "content": "t",
        "xPositionInPercent": 0.08095238095238096,
        "yPositionInPercent": 0.5589225589225589,
      },
      {
        "content": "+33",
        "xPositionInPercent": 0.09333333333333334,
        "yPositionInPercent": 0.5589225589225589,
      },
      {
        "content": "1",
        "xPositionInPercent": 0.11904761904761904,
        "yPositionInPercent": 0.5595959595959596,
      },
      {
        "content": "5359",
        "xPositionInPercent": 0.12857142857142856,
        "yPositionInPercent": 0.5589225589225589,
      },
      {
        "content": "7555",
        "xPositionInPercent": 0.16476190476190475,
        "yPositionInPercent": 0.5589225589225589,
      },
    ],
  },
  {
    "endBox": {
      "xPositionInPercent": 0.33904761904761904,
      "yPositionInPercent": 0.5777777777777777,
    },
    "pageNumber": 1,
    "startBox": {
      "xPositionInPercent": 0.08190476190476191,
      "yPositionInPercent": 0.569023569023569,
    },
    "texts": [
      {
        "content": "fds.gis@airliquide.com",
        "xPositionInPercent": 0.08190476190476191,
        "yPositionInPercent": 0.569023569023569,
      },
      {
        "content": "-",
        "xPositionInPercent": 0.22285714285714286,
        "yPositionInPercent": 0.573063973063973,
      },
      {
        "content": "www.airliquide.com",
        "xPositionInPercent": 0.23047619047619047,
        "yPositionInPercent": 0.569023569023569,
      },
    ],
  },
  {
    "endBox": {
      "xPositionInPercent": 0.5133333333333333,
      "yPositionInPercent": 0.6087542087542087,
    },
    "pageNumber": 1,
    "startBox": {
      "xPositionInPercent": 0.08095238095238096,
      "yPositionInPercent": 0.6,
    },
    "texts": [
      {
        "content": "adresse",
        "xPositionInPercent": 0.08095238095238096,
        "yPositionInPercent": 0.6,
      },
      {
        "content": "e-mail",
        "xPositionInPercent": 0.13142857142857142,
        "yPositionInPercent": 0.6,
      },
      {
        "content": "(personne",
        "xPositionInPercent": 0.17047619047619048,
        "yPositionInPercent": 0.6006734006734007,
      },
      {
        "content": "compétente)",
        "xPositionInPercent": 0.23047619047619047,
        "yPositionInPercent": 0.6,
      },
      {
        "content": "fds.gls@airliquide.com",
        "xPositionInPercent": 0.3761904761904762,
        "yPositionInPercent": 0.6006734006734007,
      },
    ],
  },
  {
    "endBox": {
      "xPositionInPercent": 0.26571428571428574,
      "yPositionInPercent": 0.6356902356902356,
    },
    "pageNumber": 1,
    "startBox": {
      "xPositionInPercent": 0.08190476190476191,
      "yPositionInPercent": 0.6269360269360269,
    },
    "texts": [
      {
        "content": "1.4.",
        "xPositionInPercent": 0.08190476190476191,
        "yPositionInPercent": 0.6269360269360269,
      },
      {
        "content": "numéro",
        "xPositionInPercent": 0.10666666666666667,
        "yPositionInPercent": 0.6269360269360269,
      },
      {
        "content": "d'appel",
        "xPositionInPercent": 0.1580952380952381,
        "yPositionInPercent": 0.6269360269360269,
      },
      {
        "content": "d'urgence",
        "xPositionInPercent": 0.2057142857142857,
        "yPositionInPercent": 0.6269360269360269,
      },
    ],
  },
  {
    "endBox": {
      "xPositionInPercent": 0.5780952380952381,
      "yPositionInPercent": 0.6491582491582492,
    },
    "pageNumber": 1,
    "startBox": {
      "xPositionInPercent": 0.08095238095238096,
      "yPositionInPercent": 0.641077441077441,
    },
    "texts": [
      {
        "content": "numéro",
        "xPositionInPercent": 0.08095238095238096,
        "yPositionInPercent": 0.641077441077441,
      },
      {
        "content": "d'appel",
        "xPositionInPercent": 0.1295238095238095,
        "yPositionInPercent": 0.6383838383838384,
      },
      {
        "content": "d'urgence",
        "xPositionInPercent": 0.1742857142857143,
        "yPositionInPercent": 0.6383838383838384,
      },
      {
        "content": ":",
        "xPositionInPercent": 0.3638095238095238,
        "yPositionInPercent": 0.6464646464646465,
      },
      {
        "content": "france:",
        "xPositionInPercent": 0.3761904761904762,
        "yPositionInPercent": 0.641077441077441,
      },
      {
        "content": "orfila:",
        "xPositionInPercent": 0.4228571428571429,
        "yPositionInPercent": 0.641077441077441,
      },
      {
        "content": "+33",
        "xPositionInPercent": 0.47619047619047616,
        "yPositionInPercent": 0.6417508417508417,
      },
      {
        "content": "1",
        "xPositionInPercent": 0.5019047619047619,
        "yPositionInPercent": 0.6417508417508417,
      },
      {
        "content": "45",
        "xPositionInPercent": 0.5114285714285715,
        "yPositionInPercent": 0.6417508417508417,
      },
      {
        "content": "42",
        "xPositionInPercent": 0.5285714285714286,
        "yPositionInPercent": 0.6417508417508417,
      },
      {
        "content": "59",
        "xPositionInPercent": 0.5466666666666666,
        "yPositionInPercent": 0.6417508417508417,
      },
      {
        "content": "59",
        "xPositionInPercent": 0.5647619047619048,
        "yPositionInPercent": 0.6417508417508417,
      },
    ],
  },
  {
    "endBox": {
      "xPositionInPercent": 0.38571428571428573,
      "yPositionInPercent": 0.6794612794612794,
    },
    "pageNumber": 1,
    "startBox": {
      "xPositionInPercent": 0.08190476190476191,
      "yPositionInPercent": 0.6686868686868687,
    },
    "texts": [
      {
        "content": "rubrique",
        "xPositionInPercent": 0.08190476190476191,
        "yPositionInPercent": 0.6686868686868687,
      },
      {
        "content": "2:",
        "xPositionInPercent": 0.17047619047619048,
        "yPositionInPercent": 0.6693602693602694,
      },
      {
        "content": "identification",
        "xPositionInPercent": 0.1895238095238095,
        "yPositionInPercent": 0.6686868686868687,
      },
      {
        "content": "des",
        "xPositionInPercent": 0.2923809523809524,
        "yPositionInPercent": 0.6686868686868687,
      },
      {
        "content": "dangers",
        "xPositionInPercent": 0.32476190476190475,
        "yPositionInPercent": 0.6693602693602694,
      },
    ],
  },
  {
    "endBox": {
      "xPositionInPercent": 0.38,
      "yPositionInPercent": 0.7037037037037037,
    },
    "pageNumber": 1,
    "startBox": {
      "xPositionInPercent": 0.08095238095238096,
      "yPositionInPercent": 0.694949494949495,
    },
    "texts": [
      {
        "content": "2.1.",
        "xPositionInPercent": 0.08095238095238096,
        "yPositionInPercent": 0.694949494949495,
      },
      {
        "content": "classification",
        "xPositionInPercent": 0.10571428571428572,
        "yPositionInPercent": 0.694949494949495,
      },
      {
        "content": "de",
        "xPositionInPercent": 0.19238095238095237,
        "yPositionInPercent": 0.694949494949495,
      },
      {
        "content": "la",
        "xPositionInPercent": 0.21142857142857144,
        "yPositionInPercent": 0.694949494949495,
      },
      {
        "content": "substance",
        "xPositionInPercent": 0.22476190476190477,
        "yPositionInPercent": 0.694949494949495,
      },
      {
        "content": "ou",
        "xPositionInPercent": 0.2914285714285714,
        "yPositionInPercent": 0.6962962962962963,
      },
      {
        "content": "du",
        "xPositionInPercent": 0.31047619047619046,
        "yPositionInPercent": 0.694949494949495,
      },
      {
        "content": "mélange",
        "xPositionInPercent": 0.3295238095238095,
        "yPositionInPercent": 0.694949494949495,
      },
    ],
  },
  {
    "endBox": {
      "xPositionInPercent": 0.4266666666666667,
      "yPositionInPercent": 0.7225589225589225,
    },
    "pageNumber": 1,
    "startBox": {
      "xPositionInPercent": 0.08095238095238096,
      "yPositionInPercent": 0.7138047138047138,
    },
    "texts": [
      {
        "content": "classification",
        "xPositionInPercent": 0.08095238095238096,
        "yPositionInPercent": 0.7138047138047138,
      },
      {
        "content": "selon",
        "xPositionInPercent": 0.1676190476190476,
        "yPositionInPercent": 0.7138047138047138,
      },
      {
        "content": "le",
        "xPositionInPercent": 0.20476190476190476,
        "yPositionInPercent": 0.7138047138047138,
      },
      {
        "content": "règlement",
        "xPositionInPercent": 0.21904761904761905,
        "yPositionInPercent": 0.7138047138047138,
      },
      {
        "content": "(ce)",
        "xPositionInPercent": 0.28285714285714286,
        "yPositionInPercent": 0.7138047138047138,
      },
      {
        "content": "n°",
        "xPositionInPercent": 0.31238095238095237,
        "yPositionInPercent": 0.7138047138047138,
      },
      {
        "content": "1272/2008",
        "xPositionInPercent": 0.3304761904761905,
        "yPositionInPercent": 0.7138047138047138,
      },
      {
        "content": "[clp]",
        "xPositionInPercent": 0.3942857142857143,
        "yPositionInPercent": 0.7138047138047138,
      },
    ],
  },
  {
    "endBox": {
      "xPositionInPercent": 0.638095238095238,
      "yPositionInPercent": 0.7353535353535353,
    },
    "pageNumber": 1,
    "startBox": {
      "xPositionInPercent": 0.08095238095238096,
      "yPositionInPercent": 0.7272727272727273,
    },
    "texts": [
      {
        "content": "dangers",
        "xPositionInPercent": 0.08095238095238096,
        "yPositionInPercent": 0.7272727272727273,
      },
      {
        "content": "physiques",
        "xPositionInPercent": 0.13333333333333333,
        "yPositionInPercent": 0.7272727272727273,
      },
      {
        "content": "gaz",
        "xPositionInPercent": 0.2704761904761905,
        "yPositionInPercent": 0.7272727272727273,
      },
      {
        "content": "sous",
        "xPositionInPercent": 0.29714285714285715,
        "yPositionInPercent": 0.7286195286195286,
      },
      {
        "content": "pression",
        "xPositionInPercent": 0.32761904761904764,
        "yPositionInPercent": 0.7286195286195286,
      },
      {
        "content": ":",
        "xPositionInPercent": 0.38,
        "yPositionInPercent": 0.7326599326599327,
      },
      {
        "content": "gaz",
        "xPositionInPercent": 0.38666666666666666,
        "yPositionInPercent": 0.7272727272727273,
      },
      {
        "content": "comprimé",
        "xPositionInPercent": 0.41333333333333333,
        "yPositionInPercent": 0.7272727272727273,
      },
      {
        "content": "h280",
        "xPositionInPercent": 0.6085714285714285,
        "yPositionInPercent": 0.7279461279461279,
      },
    ],
  },
  {
    "endBox": {
      "xPositionInPercent": 0.24,
      "yPositionInPercent": 0.7589225589225589,
    },
    "pageNumber": 1,
    "startBox": {
      "xPositionInPercent": 0.08095238095238096,
      "yPositionInPercent": 0.7501683501683502,
    },
    "texts": [
      {
        "content": "2,2.",
        "xPositionInPercent": 0.08095238095238096,
        "yPositionInPercent": 0.7521885521885522,
      },
      {
        "content": "éléments",
        "xPositionInPercent": 0.10571428571428572,
        "yPositionInPercent": 0.7501683501683502,
      },
      {
        "content": "d'étiquetage",
        "xPositionInPercent": 0.1657142857142857,
        "yPositionInPercent": 0.7515151515151515,
      },
    ],
  },
  {
    "endBox": {
      "xPositionInPercent": 0.4085714285714286,
      "yPositionInPercent": 0.7818181818181819,
    },
    "pageNumber": 1,
    "startBox": {
      "xPositionInPercent": 0.08095238095238096,
      "yPositionInPercent": 0.7737373737373737,
    },
    "texts": [
      {
        "content": "etiquetage",
        "xPositionInPercent": 0.08095238095238096,
        "yPositionInPercent": 0.7737373737373737,
      },
      {
        "content": "selon",
        "xPositionInPercent": 0.14952380952380953,
        "yPositionInPercent": 0.7737373737373737,
      },
      {
        "content": "le",
        "xPositionInPercent": 0.18666666666666668,
        "yPositionInPercent": 0.7737373737373737,
      },
      {
        "content": "règlement",
        "xPositionInPercent": 0.20095238095238097,
        "yPositionInPercent": 0.7737373737373737,
      },
      {
        "content": "(ce)",
        "xPositionInPercent": 0.26476190476190475,
        "yPositionInPercent": 0.7737373737373737,
      },
      {
        "content": "n°",
        "xPositionInPercent": 0.29428571428571426,
        "yPositionInPercent": 0.7737373737373737,
      },
      {
        "content": "1272/2008",
        "xPositionInPercent": 0.31238095238095237,
        "yPositionInPercent": 0.7737373737373737,
      },
      {
        "content": "[clp]",
        "xPositionInPercent": 0.37714285714285717,
        "yPositionInPercent": 0.7737373737373737,
      },
    ],
  },
  {
    "endBox": {
      "xPositionInPercent": 0.43238095238095237,
      "yPositionInPercent": 0.8404040404040404,
    },
    "pageNumber": 1,
    "startBox": {
      "xPositionInPercent": 0.08095238095238096,
      "yPositionInPercent": 0.7865319865319865,
    },
    "texts": [
      {
        "content": "pictogrammes",
        "xPositionInPercent": 0.08095238095238096,
        "yPositionInPercent": 0.7878787878787878,
      },
      {
        "content": "de",
        "xPositionInPercent": 0.1657142857142857,
        "yPositionInPercent": 0.7878787878787878,
      },
      {
        "content": "danger",
        "xPositionInPercent": 0.1838095238095238,
        "yPositionInPercent": 0.7878787878787878,
      },
      {
        "content": "(clp)",
        "xPositionInPercent": 0.22666666666666666,
        "yPositionInPercent": 0.7878787878787878,
      },
      {
        "content": "-",
        "xPositionInPercent": 0.4076190476190476,
        "yPositionInPercent": 0.7865319865319865,
      },
    ],
  },
  {
    "endBox": {
      "xPositionInPercent": 0.4247619047619048,
      "yPositionInPercent": 0.8646464646464647,
    },
    "pageNumber": 1,
    "startBox": {
      "xPositionInPercent": 0.08095238095238096,
      "yPositionInPercent": 0.8565656565656565,
    },
    "texts": [
      {
        "content": "mention",
        "xPositionInPercent": 0.08095238095238096,
        "yPositionInPercent": 0.8565656565656565,
      },
      {
        "content": "d'avertissement",
        "xPositionInPercent": 0.12857142857142856,
        "yPositionInPercent": 0.8565656565656565,
      },
      {
        "content": "(clp)",
        "xPositionInPercent": 0.2219047619047619,
        "yPositionInPercent": 0.8565656565656565,
      },
      {
        "content": "attention",
        "xPositionInPercent": 0.37523809523809526,
        "yPositionInPercent": 0.8565656565656565,
      },
    ],
  },
  {
    "endBox": {
      "xPositionInPercent": 0.8180952380952381,
      "yPositionInPercent": 0.8787878787878788,
    },
    "pageNumber": 1,
    "startBox": {
      "xPositionInPercent": 0.08095238095238096,
      "yPositionInPercent": 0.87003367003367,
    },
    "texts": [
      {
        "content": "mentions",
        "xPositionInPercent": 0.08095238095238096,
        "yPositionInPercent": 0.87003367003367,
      },
      {
        "content": "de",
        "xPositionInPercent": 0.13523809523809524,
        "yPositionInPercent": 0.87003367003367,
      },
      {
        "content": "danger",
        "xPositionInPercent": 0.15333333333333332,
        "yPositionInPercent": 0.87003367003367,
      },
      {
        "content": "(clp)",
        "xPositionInPercent": 0.1961904761904762,
        "yPositionInPercent": 0.87003367003367,
      },
      {
        "content": ":",
        "xPositionInPercent": 0.3628571428571429,
        "yPositionInPercent": 0.8713804713804714,
      },
      {
        "content": "h280",
        "xPositionInPercent": 0.3761904761904762,
        "yPositionInPercent": 0.87003367003367,
      },
      {
        "content": "-",
        "xPositionInPercent": 0.4095238095238095,
        "yPositionInPercent": 0.8734006734006734,
      },
      {
        "content": "contient",
        "xPositionInPercent": 0.41714285714285715,
        "yPositionInPercent": 0.87003367003367,
      },
      {
        "content": "un",
        "xPositionInPercent": 0.4685714285714286,
        "yPositionInPercent": 0.8713804713804714,
      },
      {
        "content": "gaz",
        "xPositionInPercent": 0.4857142857142857,
        "yPositionInPercent": 0.8713804713804714,
      },
      {
        "content": "sous",
        "xPositionInPercent": 0.5095238095238095,
        "yPositionInPercent": 0.8713804713804714,
      },
      {
        "content": "pression,",
        "xPositionInPercent": 0.54,
        "yPositionInPercent": 0.8713804713804714,
      },
      {
        "content": "peut",
        "xPositionInPercent": 0.5961904761904762,
        "yPositionInPercent": 0.8707070707070707,
      },
      {
        "content": "exploser",
        "xPositionInPercent": 0.6238095238095238,
        "yPositionInPercent": 0.87003367003367,
      },
      {
        "content": "sous",
        "xPositionInPercent": 0.6752380952380952,
        "yPositionInPercent": 0.8720538720538721,
      },
      {
        "content": "l'effet",
        "xPositionInPercent": 0.7057142857142857,
        "yPositionInPercent": 0.87003367003367,
      },
      {
        "content": "de",
        "xPositionInPercent": 0.7390476190476191,
        "yPositionInPercent": 0.8707070707070707,
      },
      {
        "content": "la",
        "xPositionInPercent": 0.7571428571428571,
        "yPositionInPercent": 0.8707070707070707,
      },
      {
        "content": "chaleur.",
        "xPositionInPercent": 0.7704761904761904,
        "yPositionInPercent": 0.8707070707070707,
      },
    ],
  },
]
`;
