// Vitest Snapshot v1, https://vitest.dev/guide/snapshot.html

exports[`FdsEngine tests > ExtractDataFromFds tests > should extract data from a pdf Fds file 1`] = `
{
  "dataExtracted": {
    "boilingPoint": {
      "metaData": {
        "endBox": undefined,
        "startBox": {
          "pageNumber": 7,
          "xPositionProportion": 0.12333369167920878,
          "yPositionProportion": 0.33943367540858993,
        },
      },
      "value": "> 160°C",
    },
    "dangers": [
      {
        "code": "H304",
        "metaData": {
          "endBox": undefined,
          "startBox": {
            "pageNumber": 1,
            "xPositionProportion": 0.09003440120404214,
            "yPositionProportion": 0.7744963892056252,
          },
        },
      },
      {
        "code": "P301 + P 310",
        "metaData": {
          "endBox": undefined,
          "startBox": {
            "pageNumber": 2,
            "xPositionProportion": 0.0769189421629757,
            "yPositionProportion": 0.2658494868871152,
          },
        },
      },
      {
        "code": "P331",
        "metaData": {
          "endBox": undefined,
          "startBox": {
            "pageNumber": 2,
            "xPositionProportion": 0.3967157600516018,
            "yPositionProportion": 0.30693652603572785,
          },
        },
      },
      {
        "code": "P 501",
        "metaData": {
          "endBox": undefined,
          "startBox": {
            "pageNumber": 2,
            "xPositionProportion": 0.3967157600516018,
            "yPositionProportion": 0.3341505131128848,
          },
        },
      },
    ],
    "date": {
      "formattedDate": "2017/01/20",
      "inTextDate": "20 janvier 2017",
    },
    "physicalState": {
      "metaData": {
        "endBox": undefined,
        "startBox": {
          "pageNumber": 7,
          "xPositionProportion": 0.12333369167920878,
          "yPositionProportion": 0.2668377042949449,
        },
      },
      "value": "Liquide",
    },
    "producer": {
      "metaData": {
        "endBox": undefined,
        "startBox": {
          "pageNumber": 1,
          "xPositionProportion": 0.08097720920232208,
          "yPositionProportion": 0.3348726719878373,
        },
      },
      "name": "JEFFA LUBRIFIANTS",
    },
    "product": {
      "metaData": {
        "endBox": undefined,
        "startBox": {
          "pageNumber": 1,
          "xPositionProportion": 0.08097720920232208,
          "yPositionProportion": 0.2719688331432915,
        },
      },
      "name": "JEFFACLEAN H 100 SC",
    },
    "substances": [
      {
        "casNumber": {
          "metaData": {
            "endBox": undefined,
            "startBox": {
              "pageNumber": 2,
              "xPositionProportion": 0.083799182971404,
              "yPositionProportion": 0.5475484606613455,
            },
          },
          "value": "64742-52-5",
        },
        "ceNumber": {
          "metaData": {
            "endBox": undefined,
            "startBox": {
              "pageNumber": 2,
              "xPositionProportion": 0.083799182971404,
              "yPositionProportion": 0.559806157354618,
            },
          },
          "value": "265-155-0",
        },
        "concentration": {
          "metaData": {
            "startBox": {
              "pageNumber": 2,
              "xPositionProportion": 0.4009352827348957,
              "yPositionProportion": 0.5720638540478906,
            },
          },
          "value": "> 30 - < 60",
        },
      },
      {
        "casNumber": {
          "metaData": {
            "endBox": undefined,
            "startBox": {
              "pageNumber": 2,
              "xPositionProportion": 0.24002902601591056,
              "yPositionProportion": 0.6083998479665528,
            },
          },
          "value": "67762-38-3",
        },
        "ceNumber": {
          "metaData": {
            "endBox": undefined,
            "startBox": {
              "pageNumber": 2,
              "xPositionProportion": 0.083799182971404,
              "yPositionProportion": 0.6185290763968073,
            },
          },
          "value": "267-015-4",
        },
        "concentration": {
          "metaData": {
            "startBox": {
              "pageNumber": 2,
              "xPositionProportion": 0.4009352827348957,
              "yPositionProportion": 0.6307867730900798,
            },
          },
          "value": "> 10 - < 30",
        },
        "hazards": [
          {
            "code": "H304",
            "metaData": {
              "startBox": {
                "pageNumber": 2,
                "xPositionProportion": 0.6398355192431735,
                "yPositionProportion": 0.6648422652983657,
              },
            },
          },
        ],
      },
      {
        "casNumber": undefined,
        "ceNumber": {
          "metaData": {
            "endBox": undefined,
            "startBox": {
              "pageNumber": 2,
              "xPositionProportion": 0.24002902601591056,
              "yPositionProportion": 0.6718738122386926,
            },
          },
          "value": "918-481-9",
        },
        "concentration": {
          "metaData": {
            "startBox": {
              "pageNumber": 2,
              "xPositionProportion": 0.4009352827348957,
              "yPositionProportion": 0.683276320790574,
            },
          },
          "value": "> 10 - < 20",
        },
      },
    ],
    "vaporPressure": null,
    "warningNotice": {
      "metaData": {
        "endBox": undefined,
        "startBox": {
          "pageNumber": 1,
          "xPositionProportion": 0.07815523543324017,
          "yPositionProportion": 0.7471303686811099,
        },
      },
      "value": "Danger",
    },
  },
  "fromImage": false,
}
`;

exports[`FdsEngine tests > ExtractDataFromFds tests > should extract data from an image Fds file 1`] = `
{
  "dataExtracted": {
    "boilingPoint": null,
    "dangers": [
      {
        "code": "H314",
        "metaData": {
          "endBox": {
            "pageNumber": 2,
            "xPositionProportion": 0.7142857142857143,
            "yPositionProportion": 0.8848484848484849,
          },
          "startBox": {
            "pageNumber": 2,
            "xPositionProportion": 0.20095238095238097,
            "yPositionProportion": 0.8740740740740741,
          },
        },
      },
      {
        "code": "H412",
        "metaData": {
          "endBox": {
            "pageNumber": 2,
            "xPositionProportion": 0.7685714285714286,
            "yPositionProportion": 0.898989898989899,
          },
          "startBox": {
            "pageNumber": 2,
            "xPositionProportion": 0.20095238095238097,
            "yPositionProportion": 0.8882154882154882,
          },
        },
      },
      {
        "code": "P273",
        "metaData": {
          "endBox": {
            "pageNumber": 3,
            "xPositionProportion": 0.47523809523809524,
            "yPositionProportion": 0.3111111111111111,
          },
          "startBox": {
            "pageNumber": 3,
            "xPositionProportion": 0.2019047619047619,
            "yPositionProportion": 0.2996632996632997,
          },
        },
      },
      {
        "code": "P280",
        "metaData": {
          "endBox": {
            "pageNumber": 3,
            "xPositionProportion": 0.8495238095238096,
            "yPositionProportion": 0.32525252525252524,
          },
          "startBox": {
            "pageNumber": 3,
            "xPositionProportion": 0.2019047619047619,
            "yPositionProportion": 0.31447811447811447,
          },
        },
      },
      {
        "code": "P301 + P330 + P331",
        "metaData": {
          "endBox": {
            "pageNumber": 3,
            "xPositionProportion": 0.7485714285714286,
            "yPositionProportion": 0.35084175084175084,
          },
          "startBox": {
            "pageNumber": 3,
            "xPositionProportion": 0.2019047619047619,
            "yPositionProportion": 0.34276094276094277,
          },
        },
      },
      {
        "code": "P303 + P361 + P353",
        "metaData": {
          "endBox": {
            "pageNumber": 3,
            "xPositionProportion": 0.8495238095238096,
            "yPositionProportion": 0.36632996632996634,
          },
          "startBox": {
            "pageNumber": 3,
            "xPositionProportion": 0.2019047619047619,
            "yPositionProportion": 0.35622895622895623,
          },
        },
      },
      {
        "code": "P304 + P340",
        "metaData": {
          "endBox": {
            "pageNumber": 3,
            "xPositionProportion": 0.8504761904761905,
            "yPositionProportion": 0.3939393939393939,
          },
          "startBox": {
            "pageNumber": 3,
            "xPositionProportion": 0.2019047619047619,
            "yPositionProportion": 0.3838383838383838,
          },
        },
      },
      {
        "code": "P305 + P351 + P338",
        "metaData": {
          "endBox": {
            "pageNumber": 3,
            "xPositionProportion": 0.8504761904761905,
            "yPositionProportion": 0.4208754208754209,
          },
          "startBox": {
            "pageNumber": 3,
            "xPositionProportion": 0.2019047619047619,
            "yPositionProportion": 0.41144781144781145,
          },
        },
      },
      {
        "code": "P310",
        "metaData": {
          "endBox": {
            "pageNumber": 3,
            "xPositionProportion": 0.680952380952381,
            "yPositionProportion": 0.46195286195286195,
          },
          "startBox": {
            "pageNumber": 3,
            "xPositionProportion": 0.2019047619047619,
            "yPositionProportion": 0.45252525252525255,
          },
        },
      },
      {
        "code": "P501",
        "metaData": {
          "endBox": {
            "pageNumber": 3,
            "xPositionProportion": 0.8504761904761905,
            "yPositionProportion": 0.47609427609427607,
          },
          "startBox": {
            "pageNumber": 3,
            "xPositionProportion": 0.2019047619047619,
            "yPositionProportion": 0.46464646464646464,
          },
        },
      },
    ],
    "date": {
      "formattedDate": "2016/09/09",
      "inTextDate": "09/09/16",
    },
    "physicalState": null,
    "producer": {
      "metaData": {
        "endBox": {
          "pageNumber": 1,
          "xPositionProportion": 0.47619047619047616,
          "yPositionProportion": 0.5858585858585859,
        },
        "startBox": {
          "pageNumber": 1,
          "xPositionProportion": 0.37333333333333335,
          "yPositionProportion": 0.5764309764309764,
        },
      },
      "name": "HYPRED SAS",
    },
    "product": null,
    "substances": [
      {
        "casNumber": {
          "metaData": {
            "endBox": {
              "pageNumber": 4,
              "xPositionProportion": 0.8990476190476191,
              "yPositionProportion": 0.36835016835016837,
            },
            "startBox": {
              "pageNumber": 4,
              "xPositionProportion": 0.09142857142857143,
              "yPositionProportion": 0.3474747474747475,
            },
          },
          "value": "69011-36-5",
        },
        "ceNumber": undefined,
      },
      {
        "casNumber": {
          "metaData": {
            "endBox": {
              "pageNumber": 4,
              "xPositionProportion": 0.8723809523809524,
              "yPositionProportion": 0.38855218855218854,
            },
            "startBox": {
              "pageNumber": 4,
              "xPositionProportion": 0.09142857142857143,
              "yPositionProportion": 0.3797979797979798,
            },
          },
          "value": "08062-26-4",
        },
        "ceNumber": undefined,
        "hazards": [
          {
            "code": "H315",
            "metaData": {
              "startBox": {
                "pageNumber": 4,
                "xPositionProportion": 0.09047619047619047,
                "yPositionProportion": 0.38922558922558925,
              },
            },
          },
          {
            "code": "H400",
            "metaData": {
              "startBox": {
                "pageNumber": 4,
                "xPositionProportion": 0.7542857142857143,
                "yPositionProportion": 0.40606060606060607,
              },
            },
          },
          {
            "code": "H411",
            "metaData": {
              "startBox": {
                "pageNumber": 4,
                "xPositionProportion": 0.7542857142857143,
                "yPositionProportion": 0.41414141414141414,
              },
            },
          },
        ],
      },
      {
        "casNumber": undefined,
        "ceNumber": {
          "metaData": {
            "endBox": {
              "pageNumber": 4,
              "xPositionProportion": 0.9,
              "yPositionProportion": 0.45387205387205387,
            },
            "startBox": {
              "pageNumber": 4,
              "xPositionProportion": 0.09142857142857143,
              "yPositionProportion": 0.4457912457912458,
            },
          },
          "value": "219-145-8",
        },
        "hazards": [
          {
            "code": "H410",
            "metaData": {
              "startBox": {
                "pageNumber": 4,
                "xPositionProportion": 0.09142857142857143,
                "yPositionProportion": 0.45521885521885525,
              },
            },
          },
          {
            "code": "H301",
            "metaData": {
              "startBox": {
                "pageNumber": 4,
                "xPositionProportion": 0.5085714285714286,
                "yPositionProportion": 0.4653198653198653,
              },
            },
          },
        ],
      },
    ],
    "vaporPressure": null,
    "warningNotice": {
      "metaData": {
        "endBox": {
          "pageNumber": 2,
          "xPositionProportion": 0.24857142857142858,
          "yPositionProportion": 0.8430976430976431,
        },
        "startBox": {
          "pageNumber": 2,
          "xPositionProportion": 0.2019047619047619,
          "yPositionProportion": 0.832996632996633,
        },
      },
      "value": "Danger",
    },
  },
  "fromImage": true,
}
`;
